авг. 19, 2026 7:48:32 PM utils.GameLogger logCreation
FINEST: [heroes.Barbarian] Создан объект: Tarnum
авг. 19, 2026 9:32:29 PM utils.GameLogger logCreation
FINEST: [combatants.Unit] Создан объект: Wolf Raider
авг. 19, 2026 9:32:30 PM utils.GameLogger logCreation
FINEST: [combatants.Unit] Создан объект: Mage
авг. 19, 2026 9:38:39 PM utils.GameLogger logCreation
FINEST: [combatants.Unit] Создан объект: Wolf Raider
авг. 19, 2026 9:38:39 PM utils.GameLogger logCreation
FINEST: [combatants.Unit] Создан объект: Mage
авг. 19, 2026 9:38:46 PM utils.GameLogger logCreation
FINEST: [heroes.Wizard] Создан объект: Merlin
авг. 19, 2026 9:51:05 PM utils.GameLogger logCreation
FINEST: [combatants.Unit] Создан объект: Wolf Raider
авг. 19, 2026 9:51:05 PM utils.GameLogger logCreation
FINEST: [combatants.Unit] Создан объект: Mage
авг. 19, 2026 10:01:47 PM utils.GameLogger logCreation
FINEST: [combatants.Unit] Создан объект: Wolf Raider
авг. 19, 2026 10:01:47 PM utils.GameLogger logCreation
FINEST: [combatants.Unit] Создан объект: Mage
авг. 19, 2026 10:02:01 PM utils.GameLogger logCreation
FINEST: [heroes.Barbarian] Создан объект: Tarnum
авг. 23, 2026 2:43:17 PM utils.GameLogger logCreation
FINEST: [combatants.Unit] Создан объект: Wolf Raider
авг. 23, 2026 2:43:17 PM utils.GameLogger logCreation
FINEST: [combatants.Unit] Создан объект: Mage
авг. 23, 2026 2:43:17 PM utils.GameLogger logCreation
FINEST: [heroes.Barbarian] Создан объект: Tarnum
авг. 23, 2026 2:43:17 PM utils.GameLogger logCreation
FINEST: [combatants.Unit] Создан объект: Wolf Raider
авг. 23, 2026 2:43:17 PM utils.GameLogger logCreation
FINEST: [combatants.Unit] Создан объект: Mage
авг. 23, 2026 2:43:17 PM utils.GameLogger logCreation
FINEST: [heroes.Barbarian] Создан объект: Tarnum
авг. 23, 2026 2:43:17 PM utils.GameLogger logCreation
FINEST: [combatants.Unit] Создан объект: Wolf Raider
авг. 23, 2026 2:43:17 PM utils.GameLogger logCreation
FINEST: [combatants.Unit] Создан объект: Mage
авг. 23, 2026 2:43:17 PM utils.GameLogger logCreation
FINEST: [heroes.Barbarian] Создан объект: Tarnum
авг. 23, 2026 2:43:17 PM utils.GameLogger logCreation
FINEST: [combatants.Unit] Создан объект: Wolf Raider
авг. 23, 2026 2:43:17 PM utils.GameLogger logCreation
FINEST: [combatants.Unit] Создан объект: Mage
авг. 23, 2026 2:43:17 PM utils.GameLogger logCreation
FINEST: [heroes.Barbarian] Создан объект: Tarnum
авг. 23, 2026 2:43:17 PM utils.GameLogger logCreation
FINEST: [combatants.Unit] Создан объект: Wolf Raider
авг. 23, 2026 2:43:17 PM utils.GameLogger logCreation
FINEST: [combatants.Unit] Создан объект: Mage
авг. 23, 2026 2:43:17 PM utils.GameLogger logCreation
FINEST: [heroes.Barbarian] Создан объект: Tarnum
авг. 23, 2026 2:52:49 PM utils.GameLogger logCreation
FINEST: [combatants.Unit] Создан объект: Wolf Raider
авг. 23, 2026 2:52:49 PM utils.GameLogger logCreation
FINEST: [combatants.Unit] Создан объект: Mage
авг. 23, 2026 2:52:49 PM utils.GameLogger logCreation
FINEST: [heroes.Barbarian] Создан объект: Tarnum
авг. 23, 2026 2:52:50 PM utils.GameLogger logCreation
FINEST: [combatants.Unit] Создан объект: Wolf Raider
авг. 23, 2026 2:52:50 PM utils.GameLogger logCreation
FINEST: [combatants.Unit] Создан объект: Mage
авг. 23, 2026 2:52:50 PM utils.GameLogger logCreation
FINEST: [heroes.Barbarian] Создан объект: Tarnum
авг. 23, 2026 2:52:50 PM utils.GameLogger logCreation
FINEST: [combatants.Unit] Создан объект: Wolf Raider
авг. 23, 2026 2:52:50 PM utils.GameLogger logCreation
FINEST: [combatants.Unit] Создан объект: Mage
авг. 23, 2026 2:52:50 PM utils.GameLogger logCreation
FINEST: [heroes.Barbarian] Создан объект: Tarnum
авг. 23, 2026 2:52:50 PM utils.GameLogger logCreation
FINEST: [combatants.Unit] Создан объект: Wolf Raider
авг. 23, 2026 2:52:50 PM utils.GameLogger logCreation
FINEST: [combatants.Unit] Создан объект: Mage
авг. 23, 2026 2:52:50 PM utils.GameLogger logCreation
FINEST: [heroes.Barbarian] Создан объект: Tarnum
авг. 23, 2026 2:52:50 PM utils.GameLogger logCreation
FINEST: [combatants.Unit] Создан объект: Wolf Raider
авг. 23, 2026 2:52:50 PM utils.GameLogger logCreation
FINEST: [combatants.Unit] Создан объект: Mage
авг. 23, 2026 2:52:50 PM utils.GameLogger logCreation
FINEST: [heroes.Barbarian] Создан объект: Tarnum
авг. 23, 2026 2:53:46 PM utils.GameLogger logCreation
FINEST: [combatants.Unit] Создан объект: Wolf Raider
авг. 23, 2026 2:53:46 PM utils.GameLogger logCreation
FINEST: [combatants.Unit] Создан объект: Mage
авг. 23, 2026 2:53:46 PM utils.GameLogger logCreation
FINEST: [heroes.Barbarian] Создан объект: Tarnum
авг. 23, 2026 2:53:46 PM utils.GameLogger logCreation
FINEST: [combatants.Unit] Создан объект: Wolf Raider
авг. 23, 2026 2:53:46 PM utils.GameLogger logCreation
FINEST: [combatants.Unit] Создан объект: Mage
авг. 23, 2026 2:53:46 PM utils.GameLogger logCreation
FINEST: [heroes.Barbarian] Создан объект: Tarnum
авг. 23, 2026 2:53:46 PM utils.GameLogger logCreation
FINEST: [combatants.Unit] Создан объект: Wolf Raider
авг. 23, 2026 2:53:46 PM utils.GameLogger logCreation
FINEST: [combatants.Unit] Создан объект: Mage
авг. 23, 2026 2:53:46 PM utils.GameLogger logCreation
FINEST: [heroes.Barbarian] Создан объект: Tarnum
авг. 23, 2026 2:53:46 PM utils.GameLogger logCreation
FINEST: [combatants.Unit] Создан объект: Wolf Raider
авг. 23, 2026 2:53:46 PM utils.GameLogger logCreation
FINEST: [combatants.Unit] Создан объект: Mage
авг. 23, 2026 2:53:46 PM utils.GameLogger logCreation
FINEST: [heroes.Barbarian] Создан объект: Tarnum
авг. 23, 2026 2:53:46 PM utils.GameLogger logCreation
FINEST: [combatants.Unit] Создан объект: Wolf Raider
авг. 23, 2026 2:53:46 PM utils.GameLogger logCreation
FINEST: [combatants.Unit] Создан объект: Mage
авг. 23, 2026 2:53:46 PM utils.GameLogger logCreation
FINEST: [heroes.Barbarian] Создан объект: Tarnum
авг. 23, 2026 2:55:38 PM utils.GameLogger logCreation
FINEST: [combatants.Unit] Создан объект: Wolf Raider
авг. 23, 2026 2:55:38 PM utils.GameLogger logCreation
FINEST: [combatants.Unit] Создан объект: Mage
авг. 23, 2026 2:55:38 PM utils.GameLogger logCreation
FINEST: [heroes.Barbarian] Создан объект: Tarnum
авг. 23, 2026 2:55:38 PM utils.GameLogger logCreation
FINEST: [combatants.Unit] Создан объект: Wolf Raider
авг. 23, 2026 2:55:38 PM utils.GameLogger logCreation
FINEST: [combatants.Unit] Создан объект: Mage
авг. 23, 2026 2:55:38 PM utils.GameLogger logCreation
FINEST: [heroes.Barbarian] Создан объект: Tarnum
авг. 23, 2026 2:55:38 PM utils.GameLogger logCreation
FINEST: [combatants.Unit] Создан объект: Wolf Raider
авг. 23, 2026 2:55:38 PM utils.GameLogger logCreation
FINEST: [combatants.Unit] Создан объект: Mage
авг. 23, 2026 2:55:38 PM utils.GameLogger logCreation
FINEST: [heroes.Barbarian] Создан объект: Tarnum
авг. 23, 2026 2:55:39 PM utils.GameLogger logCreation
FINEST: [combatants.Unit] Создан объект: Wolf Raider
авг. 23, 2026 2:55:39 PM utils.GameLogger logCreation
FINEST: [combatants.Unit] Создан объект: Mage
авг. 23, 2026 2:55:39 PM utils.GameLogger logCreation
FINEST: [heroes.Barbarian] Создан объект: Tarnum
авг. 23, 2026 2:55:39 PM utils.GameLogger logCreation
FINEST: [combatants.Unit] Создан объект: Wolf Raider
авг. 23, 2026 2:55:39 PM utils.GameLogger logCreation
FINEST: [combatants.Unit] Создан объект: Mage
авг. 23, 2026 2:55:39 PM utils.GameLogger logCreation
FINEST: [heroes.Barbarian] Создан объект: Tarnum
авг. 23, 2026 2:56:57 PM utils.GameLogger logCreation
FINEST: [combatants.Unit] Создан объект: Wolf Raider
авг. 23, 2026 2:56:57 PM utils.GameLogger logCreation
FINEST: [combatants.Unit] Создан объект: Mage
авг. 23, 2026 2:56:57 PM utils.GameLogger logCreation
FINEST: [heroes.Barbarian] Создан объект: Tarnum
авг. 23, 2026 2:56:57 PM utils.GameLogger logCreation
FINEST: [combatants.Unit] Создан объект: Wolf Raider
авг. 23, 2026 2:56:57 PM utils.GameLogger logCreation
FINEST: [combatants.Unit] Создан объект: Mage
авг. 23, 2026 2:56:57 PM utils.GameLogger logCreation
FINEST: [heroes.Barbarian] Создан объект: Tarnum
авг. 23, 2026 2:56:57 PM utils.GameLogger logCreation
FINEST: [combatants.Unit] Создан объект: Wolf Raider
авг. 23, 2026 2:56:57 PM utils.GameLogger logCreation
FINEST: [combatants.Unit] Создан объект: Mage
авг. 23, 2026 2:56:57 PM utils.GameLogger logCreation
FINEST: [heroes.Barbarian] Создан объект: Tarnum
авг. 23, 2026 2:56:57 PM utils.GameLogger logCreation
FINEST: [combatants.Unit] Создан объект: Wolf Raider
авг. 23, 2026 2:56:57 PM utils.GameLogger logCreation
FINEST: [combatants.Unit] Создан объект: Mage
авг. 23, 2026 2:56:57 PM utils.GameLogger logCreation
FINEST: [heroes.Barbarian] Создан объект: Tarnum
авг. 23, 2026 2:56:57 PM utils.GameLogger logCreation
FINEST: [combatants.Unit] Создан объект: Wolf Raider
авг. 23, 2026 2:56:57 PM utils.GameLogger logCreation
FINEST: [combatants.Unit] Создан объект: Mage
авг. 23, 2026 2:56:57 PM utils.GameLogger logCreation
FINEST: [heroes.Barbarian] Создан объект: Tarnum
